> Task :app:preBuild UP-TO-DATE
> Task :app:preDebugBuild UP-TO-DATE
> Task :app:mergeDebugNativeDebugMetadata NO-SOURCE
> Task :app:generateDebugResources UP-TO-DATE
> Task :app:processDebugGoogleServices UP-TO-DATE
> Task :app:packageDebugResources UP-TO-DATE
> Task :app:processDebugNavigationResources UP-TO-DATE
> Task :app:parseDebugLocalResources UP-TO-DATE
> Task :app:generateDebugRFile UP-TO-DATE
> Task :app:compileDebugKotlin NO-SOURCE
> Task :app:javaPreCompileDebug UP-TO-DATE
> Task :app:compileDebugJavaWithJavac UP-TO-DATE
> Task :app:generateDebugAssets UP-TO-DATE
> Task :app:mergeDebugAssets UP-TO-DATE
> Task :app:compressDebugAssets UP-TO-DATE
> Task :app:processDebugJavaRes NO-SOURCE
> Task :app:mergeDebugJavaResource UP-TO-DATE
> Task :app:checkDebugDuplicateClasses UP-TO-DATE
> Task :app:desugarDebugFileDependencies UP-TO-DATE
> Task :app:mergeExtDexDebug UP-TO-DATE
> Task :app:mergeLibDexDebug UP-TO-DATE
> Task :app:checkDebugAarMetadata UP-TO-DATE
> Task :app:mapDebugSourceSetPaths UP-TO-DATE
> Task :app:compileDebugNavigationResources UP-TO-DATE
> Task :app:mergeDebugResources UP-TO-DATE
> Task :app:createDebugCompatibleScreenManifests UP-TO-DATE
> Task :app:extractDeepLinksDebug UP-TO-DATE
> Task :app:processDebugMainManifest UP-TO-DATE
> Task :app:processDebugManifest UP-TO-DATE
> Task :app:processDebugManifestForPackage UP-TO-DATE
> Task :app:mergeDebugJniLibFolders UP-TO-DATE
> Task :app:mergeDebugNativeLibs NO-SOURCE
> Task :app:stripDebugDebugSymbols NO-SOURCE
> Task :app:validateSigningDebug UP-TO-DATE
> Task :app:writeDebugAppMetadata UP-TO-DATE
> Task :app:writeDebugSigningConfigVersions UP-TO-DATE
> Task :app:processDebugResources FAILED

[Incubating] Problems report is available at: file:///D:/appointivahealth/build/reports/problems/problems-report.html

Deprecated Gradle features were used in this build, making it incompatible with Gradle 10.

You can use '--warning-mode all' to show the individual deprecation warnings and determine if they come from your own scripts or plugins.

For more on this, please refer to https://docs.gradle.org/9.3.1/userguide/command_line_interface.html#sec:command_line_warnings in the Gradle documentation.
29 actionable tasks: 1 executed, 28 up-to-date
.\gradlew : 
At line:1 char:1
+ .\gradlew 
assembleDebug > 
build_output.txt 
2>&1
+ ~~~~~~~~~~~~~~~~~~
~~~~~~~~~~~~~~~~~~~~
~~~~~~~~~
    + CategoryInfo  
            : NotS  
  pecified: (:Str   
 ing) [], Remote    
Exception
    + FullyQualifie 
   dErrorId : Nati  
  veCommandError
 
FAILURE: Build 
failed with an 
exception.

* What went wrong:
Execution failed 
for task ':app:proce
ssDebugResources'.
> A failure 
occurred while 
executing com.androi
d.build.gradle.inter
nal.res.LinkApplicat
ionAndroidResourcesT
ask$TaskAction
   > Android 
resource linking 
failed
     com.example.app
ointivahealth.app-ma
in-47:/layout/activi
ty_doctor_patient_de
tails.xml:7: error: 
resource color/backg
round_color (aka com
.example.appointivah
ealth:color/backgrou
nd_color) not found.
     com.example.app
ointivahealth.app-ma
in-47:/layout/activi
ty_doctor_patient_de
tails.xml:133: 
error: resource draw
able/edit_text_backg
round (aka com.examp
le.appointivahealth:
drawable/edit_text_b
ackground) not 
found.
     com.example.app
ointivahealth.app-ma
in-47:/layout/activi
ty_doctor_patient_de
tails.xml:151: 
error: resource draw
able/edit_text_backg
round (aka com.examp
le.appointivahealth:
drawable/edit_text_b
ackground) not 
found.
     error: failed 
linking file 
resources.


* Try:
> Run with 
--stacktrace option 
to get the stack 
trace.
> Run with --info 
or --debug option 
to get more log 
output.
> Run with --scan 
to get full 
insights from a 
Build Scan (powered 
by Develocity).
> Get more help at h
ttps://help.gradle.o
rg.

BUILD FAILED in 3s
